MapName "Test"

BgWidth 800.0
BgHeight 600.0

BgTexture "Content/Images/Background.bmp"

TerrainWidth 17
TerrainHeight 21

TileSize 30.0

{
    { 1 , "Content/Images/Tiles/Aegis.bmp" }  { 1 , "Content/Images/Tiles/Aegis.bmp" }  { 1 , "Content/Images/Tiles/Aegis.bmp" } { 1 , "Content/Images/Tiles/Aegis.bmp" }	{ 1 , "Content/Images/Tiles/Aegis.bmp" } { 1 , "Content/Images/Tiles/Aegis.bmp" } { 1 , "Content/Images/Tiles/Aegis.bmp" } { 1 , "Content/Images/Tiles/Aegis.bmp" } { 1 , "Content/Images/Tiles/Aegis.bmp" } { 1 , "Content/Images/Tiles/Aegis.bmp" } { 1 , "Content/Images/Tiles/Aegis.bmp" } { 1 , "Content/Images/Tiles/Aegis.bmp" } { 1 , "Content/Images/Tiles/Aegis.bmp" } { 1 , "Content/Images/Tiles/Aegis.bmp" } { 1 , "Content/Images/Tiles/Aegis.bmp" } { 1 , "Content/Images/Tiles/Aegis.bmp" } { 1 , "Content/Images/Tiles/Aegis.bmp" }
    { 1 , "Content/Images/Tiles/Aegis.bmp" }  { 1 , "Content/Images/Tiles/Aegis.bmp" }	{ 1 , "Content/Images/Tiles/Aegis.bmp" } { 1 , "Content/Images/Tiles/Aegis.bmp" }	{ 1 , "Content/Images/Tiles/Aegis.bmp" } { 1 , "Content/Images/Tiles/Aegis.bmp" } { 1 , "Content/Images/Tiles/Aegis.bmp" } { 1 , "Content/Images/Tiles/Aegis.bmp" } { 1 , "Content/Images/Tiles/Aegis.bmp" } { 1 , "Content/Images/Tiles/Aegis.bmp" } { 1 , "Content/Images/Tiles/Aegis.bmp" } { 1 , "Content/Images/Tiles/Aegis.bmp" } { 1 , "Content/Images/Tiles/Aegis.bmp" } { 1 , "Content/Images/Tiles/Aegis.bmp" } { 1 , "Content/Images/Tiles/Aegis.bmp" } { 1 , "Content/Images/Tiles/Aegis.bmp" } { 1 , "Content/Images/Tiles/Aegis.bmp" }
    { 1 , "Content/Images/Tiles/Aegis.bmp" }  { 1 , "Content/Images/Tiles/Aegis.bmp" }	{ 1 , "Content/Images/Tiles/Aegis.bmp" } { 1 , "Content/Images/Tiles/Aegis.bmp" }	{ 1 , "Content/Images/Tiles/Aegis.bmp" } { 1 , "Content/Images/Tiles/Aegis.bmp" } { 1 , "Content/Images/Tiles/Aegis.bmp" } { 1 , "Content/Images/Tiles/Aegis.bmp" } { 1 , "Content/Images/Tiles/Aegis.bmp" } { 1 , "Content/Images/Tiles/Aegis.bmp" } { 1 , "Content/Images/Tiles/Aegis.bmp" } { 1 , "Content/Images/Tiles/Aegis.bmp" } { 1 , "Content/Images/Tiles/Aegis.bmp" } { 1 , "Content/Images/Tiles/Aegis.bmp" } { 1 , "Content/Images/Tiles/Aegis.bmp" } { 1 , "Content/Images/Tiles/Aegis.bmp" } { 1 , "Content/Images/Tiles/Aegis.bmp" }
    { 1 , "Content/Images/Tiles/Aegis.bmp" }  { 1 , "Content/Images/Tiles/Aegis.bmp" }  { 1 , "Content/Images/Tiles/Aegis.bmp" } { 1 , "Content/Images/Tiles/Aegis.bmp" }	{ 1 , "Content/Images/Tiles/Aegis.bmp" } { 1 , "Content/Images/Tiles/Aegis.bmp" } { 1 , "Content/Images/Tiles/Aegis.bmp" } { 1 , "Content/Images/Tiles/Aegis.bmp" } { 1 , "Content/Images/Tiles/Aegis.bmp" } { 1 , "Content/Images/Tiles/Aegis.bmp" } { 1 , "Content/Images/Tiles/Aegis.bmp" } { 1 , "Content/Images/Tiles/Aegis.bmp" } { 1 , "Content/Images/Tiles/Aegis.bmp" } { 1 , "Content/Images/Tiles/Aegis.bmp" } { 1 , "Content/Images/Tiles/Aegis.bmp" } { 1 , "Content/Images/Tiles/Aegis.bmp" } { 1 , "Content/Images/Tiles/Aegis.bmp" }
    { 1 , "Content/Images/Tiles/Aegis.bmp" }  { 1 , "Content/Images/Tiles/Aegis.bmp" }  { 1 , "Content/Images/Tiles/Aegis.bmp" } { 1 , "Content/Images/Tiles/Aegis.bmp" }	{ 1 , "Content/Images/Tiles/Aegis.bmp" } { 1 , "Content/Images/Tiles/Aegis.bmp" } { 1 , "Content/Images/Tiles/Aegis.bmp" } { 1 , "Content/Images/Tiles/Aegis.bmp" } { 1 , "Content/Images/Tiles/Aegis.bmp" } { 1 , "Content/Images/Tiles/Aegis.bmp" } { 1 , "Content/Images/Tiles/Aegis.bmp" } { 1 , "Content/Images/Tiles/Aegis.bmp" } { 1 , "Content/Images/Tiles/Aegis.bmp" } { 1 , "Content/Images/Tiles/Aegis.bmp" } { 1 , "Content/Images/Tiles/Aegis.bmp" } { 1 , "Content/Images/Tiles/Aegis.bmp" } { 1 , "Content/Images/Tiles/Aegis.bmp" }
    { 1 , "Content/Images/Tiles/Aegis.bmp" }  { 1 , "Content/Images/Tiles/Aegis.bmp" }  { 1 , "Content/Images/Tiles/Aegis.bmp" } { 1 , "Content/Images/Tiles/Aegis.bmp" }	{ 1 , "Content/Images/Tiles/Aegis.bmp" } { 1 , "Content/Images/Tiles/Aegis.bmp" } { 1 , "Content/Images/Tiles/Aegis.bmp" } { 1 , "Content/Images/Tiles/Aegis.bmp" } { 1 , "Content/Images/Tiles/Aegis.bmp" } { 1 , "Content/Images/Tiles/Aegis.bmp" } { 1 , "Content/Images/Tiles/Aegis.bmp" } { 1 , "Content/Images/Tiles/Aegis.bmp" } { 1 , "Content/Images/Tiles/Aegis.bmp" } { 1 , "Content/Images/Tiles/Aegis.bmp" } { 1 , "Content/Images/Tiles/Aegis.bmp" } { 1 , "Content/Images/Tiles/Aegis.bmp" } { 1 , "Content/Images/Tiles/Aegis.bmp" }
    { 1 , "Content/Images/Tiles/Aegis.bmp" }  { 1 , "Content/Images/Tiles/Aegis.bmp" }	{ 1 , "Content/Images/Tiles/Aegis.bmp" } { 1 , "Content/Images/Tiles/Aegis.bmp" }	{ 1 , "Content/Images/Tiles/Aegis.bmp" } { 1 , "Content/Images/Tiles/Aegis.bmp" } { 1 , "Content/Images/Tiles/Aegis.bmp" } { 1 , "Content/Images/Tiles/Aegis.bmp" } { 1 , "Content/Images/Tiles/Aegis.bmp" } { 1 , "Content/Images/Tiles/Aegis.bmp" } { 1 , "Content/Images/Tiles/Aegis.bmp" } { 1 , "Content/Images/Tiles/Aegis.bmp" } { 1 , "Content/Images/Tiles/Aegis.bmp" } { 1 , "Content/Images/Tiles/Aegis.bmp" } { 1 , "Content/Images/Tiles/Aegis.bmp" } { 1 , "Content/Images/Tiles/Aegis.bmp" } { 1 , "Content/Images/Tiles/Aegis.bmp" }
    { 1 , "Content/Images/Tiles/Aegis.bmp" }  { 1 , "Content/Images/Tiles/Aegis.bmp" }	{ 1 , "Content/Images/Tiles/Aegis.bmp" } { 1 , "Content/Images/Tiles/Aegis.bmp" }	{ 1 , "Content/Images/Tiles/Aegis.bmp" } { 1 , "Content/Images/Tiles/Aegis.bmp" } { 1 , "Content/Images/Tiles/Aegis.bmp" } { 1 , "Content/Images/Tiles/Aegis.bmp" } { 1 , "Content/Images/Tiles/Aegis.bmp" } { 1 , "Content/Images/Tiles/Aegis.bmp" } { 1 , "Content/Images/Tiles/Aegis.bmp" } { 1 , "Content/Images/Tiles/Aegis.bmp" } { 1 , "Content/Images/Tiles/Aegis.bmp" } { 1 , "Content/Images/Tiles/Aegis.bmp" } { 1 , "Content/Images/Tiles/Aegis.bmp" } { 1 , "Content/Images/Tiles/Aegis.bmp" } { 1 , "Content/Images/Tiles/Aegis.bmp" }
    { 1 , "Content/Images/Tiles/Aegis.bmp" }  { 1 , "Content/Images/Tiles/Aegis.bmp" }  { 1 , "Content/Images/Tiles/Aegis.bmp" } { 1 , "Content/Images/Tiles/Aegis.bmp" }	{ 1 , "Content/Images/Tiles/Aegis.bmp" } { 1 , "Content/Images/Tiles/Aegis.bmp" } { 1 , "Content/Images/Tiles/Aegis.bmp" } { 1 , "Content/Images/Tiles/Aegis.bmp" } { 1 , "Content/Images/Tiles/Aegis.bmp" } { 1 , "Content/Images/Tiles/Aegis.bmp" } { 1 , "Content/Images/Tiles/Aegis.bmp" } { 1 , "Content/Images/Tiles/Aegis.bmp" } { 1 , "Content/Images/Tiles/Aegis.bmp" } { 1 , "Content/Images/Tiles/Aegis.bmp" } { 1 , "Content/Images/Tiles/Aegis.bmp" } { 1 , "Content/Images/Tiles/Aegis.bmp" } { 1 , "Content/Images/Tiles/Aegis.bmp" }
    { 1 , "Content/Images/Tiles/Aegis.bmp" }  { 1 , "Content/Images/Tiles/Aegis.bmp" }  { 1 , "Content/Images/Tiles/Aegis.bmp" } { 1 , "Content/Images/Tiles/Aegis.bmp" }	{ 1 , "Content/Images/Tiles/Aegis.bmp" } { 1 , "Content/Images/Tiles/Aegis.bmp" } { 1 , "Content/Images/Tiles/Aegis.bmp" } { 1 , "Content/Images/Tiles/Aegis.bmp" } { 1 , "Content/Images/Tiles/Aegis.bmp" } { 1 , "Content/Images/Tiles/Aegis.bmp" } { 1 , "Content/Images/Tiles/Aegis.bmp" } { 1 , "Content/Images/Tiles/Aegis.bmp" } { 1 , "Content/Images/Tiles/Aegis.bmp" } { 1 , "Content/Images/Tiles/Aegis.bmp" } { 1 , "Content/Images/Tiles/Aegis.bmp" } { 1 , "Content/Images/Tiles/Aegis.bmp" } { 1 , "Content/Images/Tiles/Aegis.bmp" }
    { 1 , "Content/Images/Tiles/Aegis.bmp" }  { 1 , "Content/Images/Tiles/Aegis.bmp" }  { 1 , "Content/Images/Tiles/Aegis.bmp" } { 1 , "Content/Images/Tiles/Aegis.bmp" }	{ 1 , "Content/Images/Tiles/Aegis.bmp" } { 1 , "Content/Images/Tiles/Aegis.bmp" } { 1 , "Content/Images/Tiles/Aegis.bmp" } { 1 , "Content/Images/Tiles/Aegis.bmp" } { 1 , "Content/Images/Tiles/Aegis.bmp" } { 1 , "Content/Images/Tiles/Aegis.bmp" } { 1 , "Content/Images/Tiles/Aegis.bmp" } { 1 , "Content/Images/Tiles/Aegis.bmp" } { 1 , "Content/Images/Tiles/Aegis.bmp" } { 1 , "Content/Images/Tiles/Aegis.bmp" } { 1 , "Content/Images/Tiles/Aegis.bmp" } { 1 , "Content/Images/Tiles/Aegis.bmp" } { 1 , "Content/Images/Tiles/Aegis.bmp" }
    { 1 , "Content/Images/Tiles/Aegis.bmp" }  { 1 , "Content/Images/Tiles/Aegis.bmp" }  { 1 , "Content/Images/Tiles/Aegis.bmp" } { 1 , "Content/Images/Tiles/Aegis.bmp" }	{ 1 , "Content/Images/Tiles/Aegis.bmp" } { 1 , "Content/Images/Tiles/Aegis.bmp" } { 1 , "Content/Images/Tiles/Aegis.bmp" } { 1 , "Content/Images/Tiles/Aegis.bmp" } { 1 , "Content/Images/Tiles/Aegis.bmp" } { 1 , "Content/Images/Tiles/Aegis.bmp" } { 1 , "Content/Images/Tiles/Aegis.bmp" } { 1 , "Content/Images/Tiles/Aegis.bmp" } { 1 , "Content/Images/Tiles/Aegis.bmp" } { 1 , "Content/Images/Tiles/Aegis.bmp" } { 1 , "Content/Images/Tiles/Aegis.bmp" } { 1 , "Content/Images/Tiles/Aegis.bmp" } { 1 , "Content/Images/Tiles/Aegis.bmp" }
	{ 1 , "Content/Images/Tiles/Aegis.bmp" }  { 1 , "Content/Images/Tiles/Aegis.bmp" }  { 1 , "Content/Images/Tiles/Aegis.bmp" } { 1 , "Content/Images/Tiles/Aegis.bmp" }	{ 1 , "Content/Images/Tiles/Aegis.bmp" } { 1 , "Content/Images/Tiles/Aegis.bmp" } { 1 , "Content/Images/Tiles/Aegis.bmp" } { 1 , "Content/Images/Tiles/Aegis.bmp" } { 1 , "Content/Images/Tiles/Aegis.bmp" } { 1 , "Content/Images/Tiles/Aegis.bmp" } { 1 , "Content/Images/Tiles/Aegis.bmp" } { 1 , "Content/Images/Tiles/Aegis.bmp" } { 1 , "Content/Images/Tiles/Aegis.bmp" } { 1 , "Content/Images/Tiles/Aegis.bmp" } { 1 , "Content/Images/Tiles/Aegis.bmp" } { 1 , "Content/Images/Tiles/Aegis.bmp" } { 1 , "Content/Images/Tiles/Aegis.bmp" }
	{ 1 , "Content/Images/Tiles/Aegis.bmp" }  { 1 , "Content/Images/Tiles/Aegis.bmp" }  { 1 , "Content/Images/Tiles/Aegis.bmp" } { 1 , "Content/Images/Tiles/Aegis.bmp" }	{ 1 , "Content/Images/Tiles/Aegis.bmp" } { 1 , "Content/Images/Tiles/Aegis.bmp" } { 1 , "Content/Images/Tiles/Aegis.bmp" } { 1 , "Content/Images/Tiles/Aegis.bmp" } { 1 , "Content/Images/Tiles/Aegis.bmp" } { 1 , "Content/Images/Tiles/Aegis.bmp" } { 1 , "Content/Images/Tiles/Aegis.bmp" } { 1 , "Content/Images/Tiles/Aegis.bmp" } { 1 , "Content/Images/Tiles/Aegis.bmp" } { 1 , "Content/Images/Tiles/Aegis.bmp" } { 1 , "Content/Images/Tiles/Aegis.bmp" } { 1 , "Content/Images/Tiles/Aegis.bmp" } { 1 , "Content/Images/Tiles/Aegis.bmp" }
	{ 1 , "Content/Images/Tiles/Aegis.bmp" }  { 1 , "Content/Images/Tiles/Aegis.bmp" }  { 1 , "Content/Images/Tiles/Aegis.bmp" } { 1 , "Content/Images/Tiles/Aegis.bmp" }	{ 1 , "Content/Images/Tiles/Aegis.bmp" } { 1 , "Content/Images/Tiles/Aegis.bmp" } { 1 , "Content/Images/Tiles/Aegis.bmp" } { 1 , "Content/Images/Tiles/Aegis.bmp" } { 1 , "Content/Images/Tiles/Aegis.bmp" } { 1 , "Content/Images/Tiles/Aegis.bmp" } { 1 , "Content/Images/Tiles/Aegis.bmp" } { 1 , "Content/Images/Tiles/Aegis.bmp" } { 1 , "Content/Images/Tiles/Aegis.bmp" } { 1 , "Content/Images/Tiles/Aegis.bmp" } { 1 , "Content/Images/Tiles/Aegis.bmp" } { 1 , "Content/Images/Tiles/Aegis.bmp" } { 1 , "Content/Images/Tiles/Aegis.bmp" }
	{ 1 , "Content/Images/Tiles/Aegis.bmp" }  { 1 , "Content/Images/Tiles/Aegis.bmp" }  { 1 , "Content/Images/Tiles/Aegis.bmp" } { 1 , "Content/Images/Tiles/Aegis.bmp" }	{ 1 , "Content/Images/Tiles/Aegis.bmp" } { 1 , "Content/Images/Tiles/Aegis.bmp" } { 1 , "Content/Images/Tiles/Aegis.bmp" } { 1 , "Content/Images/Tiles/Aegis.bmp" } { 1 , "Content/Images/Tiles/Aegis.bmp" } { 1 , "Content/Images/Tiles/Aegis.bmp" } { 1 , "Content/Images/Tiles/Aegis.bmp" } { 1 , "Content/Images/Tiles/Aegis.bmp" } { 1 , "Content/Images/Tiles/Aegis.bmp" } { 1 , "Content/Images/Tiles/Aegis.bmp" } { 1 , "Content/Images/Tiles/Aegis.bmp" } { 1 , "Content/Images/Tiles/Aegis.bmp" } { 1 , "Content/Images/Tiles/Aegis.bmp" }
	{ 1 , "Content/Images/Tiles/Aegis.bmp" }  { 1 , "Content/Images/Tiles/Aegis.bmp" }  { 1 , "Content/Images/Tiles/Aegis.bmp" } { 1 , "Content/Images/Tiles/Aegis.bmp" }	{ 1 , "Content/Images/Tiles/Aegis.bmp" } { 1 , "Content/Images/Tiles/Aegis.bmp" } { 1 , "Content/Images/Tiles/Aegis.bmp" } { 1 , "Content/Images/Tiles/Aegis.bmp" } { 1 , "Content/Images/Tiles/Aegis.bmp" } { 1 , "Content/Images/Tiles/Aegis.bmp" } { 1 , "Content/Images/Tiles/Aegis.bmp" } { 1 , "Content/Images/Tiles/Aegis.bmp" } { 1 , "Content/Images/Tiles/Aegis.bmp" } { 1 , "Content/Images/Tiles/Aegis.bmp" } { 1 , "Content/Images/Tiles/Aegis.bmp" } { 1 , "Content/Images/Tiles/Aegis.bmp" } { 1 , "Content/Images/Tiles/Aegis.bmp" }
	{ 1 , "Content/Images/Tiles/Aegis.bmp" }  { 1 , "Content/Images/Tiles/Aegis.bmp" }  { 1 , "Content/Images/Tiles/Aegis.bmp" } { 1 , "Content/Images/Tiles/Aegis.bmp" }	{ 1 , "Content/Images/Tiles/Aegis.bmp" } { 1 , "Content/Images/Tiles/Aegis.bmp" } { 1 , "Content/Images/Tiles/Aegis.bmp" } { 1 , "Content/Images/Tiles/Aegis.bmp" } { 1 , "Content/Images/Tiles/Aegis.bmp" } { 1 , "Content/Images/Tiles/Aegis.bmp" } { 1 , "Content/Images/Tiles/Aegis.bmp" } { 1 , "Content/Images/Tiles/Aegis.bmp" } { 1 , "Content/Images/Tiles/Aegis.bmp" } { 1 , "Content/Images/Tiles/Aegis.bmp" } { 1 , "Content/Images/Tiles/Aegis.bmp" } { 1 , "Content/Images/Tiles/Aegis.bmp" } { 1 , "Content/Images/Tiles/Aegis.bmp" }
	{ 1 , "Content/Images/Tiles/Aegis.bmp" }  { 1 , "Content/Images/Tiles/Aegis.bmp" }  { 1 , "Content/Images/Tiles/Aegis.bmp" } { 1 , "Content/Images/Tiles/Aegis.bmp" }	{ 1 , "Content/Images/Tiles/Aegis.bmp" } { 1 , "Content/Images/Tiles/Aegis.bmp" } { 1 , "Content/Images/Tiles/Aegis.bmp" } { 1 , "Content/Images/Tiles/Aegis.bmp" } { 1 , "Content/Images/Tiles/Aegis.bmp" } { 1 , "Content/Images/Tiles/Aegis.bmp" } { 1 , "Content/Images/Tiles/Aegis.bmp" } { 1 , "Content/Images/Tiles/Aegis.bmp" } { 1 , "Content/Images/Tiles/Aegis.bmp" } { 1 , "Content/Images/Tiles/Aegis.bmp" } { 1 , "Content/Images/Tiles/Aegis.bmp" } { 1 , "Content/Images/Tiles/Aegis.bmp" } { 1 , "Content/Images/Tiles/Aegis.bmp" }
	{ 1 , "Content/Images/Tiles/Aegis.bmp" }  { 1 , "Content/Images/Tiles/Aegis.bmp" }  { 1 , "Content/Images/Tiles/Aegis.bmp" } { 1 , "Content/Images/Tiles/Aegis.bmp" }	{ 1 , "Content/Images/Tiles/Aegis.bmp" } { 1 , "Content/Images/Tiles/Aegis.bmp" } { 1 , "Content/Images/Tiles/Aegis.bmp" } { 1 , "Content/Images/Tiles/Aegis.bmp" } { 1 , "Content/Images/Tiles/Aegis.bmp" } { 1 , "Content/Images/Tiles/Aegis.bmp" } { 1 , "Content/Images/Tiles/Aegis.bmp" } { 1 , "Content/Images/Tiles/Aegis.bmp" } { 1 , "Content/Images/Tiles/Aegis.bmp" } { 1 , "Content/Images/Tiles/Aegis.bmp" } { 1 , "Content/Images/Tiles/Aegis.bmp" } { 1 , "Content/Images/Tiles/Aegis.bmp" } { 1 , "Content/Images/Tiles/Aegis.bmp" }
	{ 1 , "Content/Images/Tiles/Aegis.bmp" }  { 1 , "Content/Images/Tiles/Aegis.bmp" }  { 1 , "Content/Images/Tiles/Aegis.bmp" } { 1 , "Content/Images/Tiles/Aegis.bmp" }	{ 1 , "Content/Images/Tiles/Aegis.bmp" } { 1 , "Content/Images/Tiles/Aegis.bmp" } { 1 , "Content/Images/Tiles/Aegis.bmp" } { 1 , "Content/Images/Tiles/Aegis.bmp" } { 1 , "Content/Images/Tiles/Aegis.bmp" } { 1 , "Content/Images/Tiles/Aegis.bmp" } { 1 , "Content/Images/Tiles/Aegis.bmp" } { 1 , "Content/Images/Tiles/Aegis.bmp" } { 1 , "Content/Images/Tiles/Aegis.bmp" } { 1 , "Content/Images/Tiles/Aegis.bmp" } { 1 , "Content/Images/Tiles/Aegis.bmp" } { 1 , "Content/Images/Tiles/Aegis.bmp" } { 1 , "Content/Images/Tiles/Aegis.bmp" }
}

End